-- Automatically generated by SQLQueryTestSuite
<<<<<<< HEAD
-- Number of queries: 32
=======
-- Number of queries: 36
>>>>>>> master


-- !query 0
CREATE TABLE t (a STRING, b INT, c STRING, d STRING) USING parquet
  OPTIONS (a '1', b '2')
  PARTITIONED BY (c, d) CLUSTERED BY (a) SORTED BY (b ASC) INTO 2 BUCKETS
  COMMENT 'table_comment'
  TBLPROPERTIES (t 'test')
-- !query 0 schema
struct<>
-- !query 0 output



-- !query 1
CREATE TEMPORARY VIEW temp_v AS SELECT * FROM t
-- !query 1 schema
struct<>
-- !query 1 output



-- !query 2
CREATE TEMPORARY VIEW temp_Data_Source_View
  USING org.apache.spark.sql.sources.DDLScanSource
  OPTIONS (
    From '1',
    To '10',
    Table 'test1')
-- !query 2 schema
struct<>
-- !query 2 output



-- !query 3
CREATE VIEW v AS SELECT * FROM t
-- !query 3 schema
struct<>
-- !query 3 output



-- !query 4
ALTER TABLE t SET TBLPROPERTIES (e = '3')
-- !query 4 schema
struct<>
-- !query 4 output



-- !query 5
ALTER TABLE t ADD PARTITION (c='Us', d=1)
-- !query 5 schema
struct<>
-- !query 5 output



-- !query 6
DESCRIBE t
-- !query 6 schema
struct<col_name:string,data_type:string,comment:string>
-- !query 6 output
a                   	string              	                    
b                   	int                 	                    
c                   	string              	                    
d                   	string              	                    
# Partition Information	                    	                    
# col_name          	data_type           	comment             
c                   	string              	                    
d                   	string


-- !query 7
DESC default.t
-- !query 7 schema
struct<col_name:string,data_type:string,comment:string>
-- !query 7 output
a                   	string              	                    
b                   	int                 	                    
c                   	string              	                    
d                   	string              	                    
# Partition Information	                    	                    
# col_name          	data_type           	comment             
c                   	string              	                    
d                   	string


-- !query 8
DESC TABLE t
-- !query 8 schema
struct<col_name:string,data_type:string,comment:string>
-- !query 8 output
a                   	string              	                    
b                   	int                 	                    
c                   	string              	                    
d                   	string              	                    
# Partition Information	                    	                    
# col_name          	data_type           	comment             
c                   	string              	                    
d                   	string


-- !query 9
DESC FORMATTED t
-- !query 9 schema
struct<col_name:string,data_type:string,comment:string>
-- !query 9 output
a                   	string              	                    
b                   	int                 	                    
c                   	string              	                    
d                   	string              	                    
# Partition Information	                    	                    
# col_name          	data_type           	comment             
c                   	string              	                    
d                   	string              	                    
                    	                    	                    
# Detailed Table Information	                    	                    
Database            	default             	                    
Table               	t                   	                    
Created Time [not included in comparison]
Last Access [not included in comparison]
Created By [not included in comparison]
Type                	MANAGED             	                    
Provider            	parquet             	                    
Num Buckets         	2                   	                    
Bucket Columns      	[`a`]               	                    
Sort Columns        	[`b`]               	                    
Comment             	table_comment       	                    
<<<<<<< HEAD
Table Properties    	[e=3]               	                    
=======
Table Properties    	[t=test, e=3]       	                    
>>>>>>> master
Location [not included in comparison]sql/core/spark-warehouse/t	                    
Storage Properties  	[a=1, b=2]          	                    
Partition Provider  	Catalog


-- !query 10
DESC EXTENDED t
-- !query 10 schema
struct<col_name:string,data_type:string,comment:string>
-- !query 10 output
<<<<<<< HEAD
=======
a                   	string              	                    
b                   	int                 	                    
c                   	string              	                    
d                   	string              	                    
# Partition Information	                    	                    
# col_name          	data_type           	comment             
c                   	string              	                    
d                   	string              	                    
                    	                    	                    
# Detailed Table Information	                    	                    
Database            	default             	                    
Table               	t                   	                    
Created Time [not included in comparison]
Last Access [not included in comparison]
Created By [not included in comparison]
Type                	MANAGED             	                    
Provider            	parquet             	                    
Num Buckets         	2                   	                    
Bucket Columns      	[`a`]               	                    
Sort Columns        	[`b`]               	                    
Comment             	table_comment       	                    
Table Properties    	[t=test, e=3]       	                    
Location [not included in comparison]sql/core/spark-warehouse/t	                    
Storage Properties  	[a=1, b=2]          	                    
Partition Provider  	Catalog


-- !query 11
ALTER TABLE t UNSET TBLPROPERTIES (e)
-- !query 11 schema
struct<>
-- !query 11 output



-- !query 12
DESC EXTENDED t
-- !query 12 schema
struct<col_name:string,data_type:string,comment:string>
-- !query 12 output
>>>>>>> master
a                   	string              	                    
b                   	int                 	                    
c                   	string              	                    
d                   	string              	                    
# Partition Information	                    	                    
# col_name          	data_type           	comment             
c                   	string              	                    
d                   	string              	                    
                    	                    	                    
# Detailed Table Information	                    	                    
Database            	default             	                    
Table               	t                   	                    
Created Time [not included in comparison]
Last Access [not included in comparison]
Created By [not included in comparison]
Type                	MANAGED             	                    
Provider            	parquet             	                    
Num Buckets         	2                   	                    
Bucket Columns      	[`a`]               	                    
Sort Columns        	[`b`]               	                    
Comment             	table_comment       	                    
<<<<<<< HEAD
Table Properties    	[e=3]               	                    
=======
Table Properties    	[t=test]            	                    
>>>>>>> master
Location [not included in comparison]sql/core/spark-warehouse/t	                    
Storage Properties  	[a=1, b=2]          	                    
Partition Provider  	Catalog


<<<<<<< HEAD
-- !query 11
DESC t PARTITION (c='Us', d=1)
-- !query 11 schema
struct<col_name:string,data_type:string,comment:string>
-- !query 11 output
=======
-- !query 13
ALTER TABLE t UNSET TBLPROPERTIES (comment)
-- !query 13 schema
struct<>
-- !query 13 output



-- !query 14
DESC EXTENDED t
-- !query 14 schema
struct<col_name:string,data_type:string,comment:string>
-- !query 14 output
a                   	string              	                    
b                   	int                 	                    
c                   	string              	                    
d                   	string              	                    
# Partition Information	                    	                    
# col_name          	data_type           	comment             
c                   	string              	                    
d                   	string              	                    
                    	                    	                    
# Detailed Table Information	                    	                    
Database            	default             	                    
Table               	t                   	                    
Created Time [not included in comparison]
Last Access [not included in comparison]
Created By [not included in comparison]
Type                	MANAGED             	                    
Provider            	parquet             	                    
Num Buckets         	2                   	                    
Bucket Columns      	[`a`]               	                    
Sort Columns        	[`b`]               	                    
Table Properties    	[t=test]            	                    
Location [not included in comparison]sql/core/spark-warehouse/t	                    
Storage Properties  	[a=1, b=2]          	                    
Partition Provider  	Catalog


-- !query 15
DESC t PARTITION (c='Us', d=1)
-- !query 15 schema
struct<col_name:string,data_type:string,comment:string>
-- !query 15 output
>>>>>>> master
a                   	string              	                    
b                   	int                 	                    
c                   	string              	                    
d                   	string              	                    
# Partition Information	                    	                    
# col_name          	data_type           	comment             
c                   	string              	                    
d                   	string


<<<<<<< HEAD
-- !query 12
DESC EXTENDED t PARTITION (c='Us', d=1)
-- !query 12 schema
struct<col_name:string,data_type:string,comment:string>
-- !query 12 output
=======
-- !query 16
DESC EXTENDED t PARTITION (c='Us', d=1)
-- !query 16 schema
struct<col_name:string,data_type:string,comment:string>
-- !query 16 output
>>>>>>> master
a                   	string              	                    
b                   	int                 	                    
c                   	string              	                    
d                   	string              	                    
# Partition Information	                    	                    
# col_name          	data_type           	comment             
c                   	string              	                    
d                   	string              	                    
                    	                    	                    
# Detailed Partition Information	                    	                    
Database            	default             	                    
Table               	t                   	                    
Partition Values    	[c=Us, d=1]         	                    
Location [not included in comparison]sql/core/spark-warehouse/t/c=Us/d=1	                    
Storage Properties  	[a=1, b=2]          	                    
<<<<<<< HEAD
=======
Created Time [not included in comparison]
Last Access [not included in comparison]
>>>>>>> master
                    	                    	                    
# Storage Information	                    	                    
Num Buckets         	2                   	                    
Bucket Columns      	[`a`]               	                    
Sort Columns        	[`b`]               	                    
Location [not included in comparison]sql/core/spark-warehouse/t	                    
Storage Properties  	[a=1, b=2]


<<<<<<< HEAD
-- !query 13
DESC FORMATTED t PARTITION (c='Us', d=1)
-- !query 13 schema
struct<col_name:string,data_type:string,comment:string>
-- !query 13 output
=======
-- !query 17
DESC FORMATTED t PARTITION (c='Us', d=1)
-- !query 17 schema
struct<col_name:string,data_type:string,comment:string>
-- !query 17 output
>>>>>>> master
a                   	string              	                    
b                   	int                 	                    
c                   	string              	                    
d                   	string              	                    
# Partition Information	                    	                    
# col_name          	data_type           	comment             
c                   	string              	                    
d                   	string              	                    
                    	                    	                    
# Detailed Partition Information	                    	                    
Database            	default             	                    
Table               	t                   	                    
Partition Values    	[c=Us, d=1]         	                    
Location [not included in comparison]sql/core/spark-warehouse/t/c=Us/d=1	                    
Storage Properties  	[a=1, b=2]          	                    
<<<<<<< HEAD
=======
Created Time [not included in comparison]
Last Access [not included in comparison]
>>>>>>> master
                    	                    	                    
# Storage Information	                    	                    
Num Buckets         	2                   	                    
Bucket Columns      	[`a`]               	                    
Sort Columns        	[`b`]               	                    
Location [not included in comparison]sql/core/spark-warehouse/t	                    
Storage Properties  	[a=1, b=2]


<<<<<<< HEAD
-- !query 14
DESC t PARTITION (c='Us', d=2)
-- !query 14 schema
struct<>
-- !query 14 output
=======
-- !query 18
DESC t PARTITION (c='Us', d=2)
-- !query 18 schema
struct<>
-- !query 18 output
>>>>>>> master
org.apache.spark.sql.catalyst.analysis.NoSuchPartitionException
Partition not found in table 't' database 'default':
c -> Us
d -> 2;


<<<<<<< HEAD
-- !query 15
DESC t PARTITION (c='Us')
-- !query 15 schema
struct<>
-- !query 15 output
=======
-- !query 19
DESC t PARTITION (c='Us')
-- !query 19 schema
struct<>
-- !query 19 output
>>>>>>> master
org.apache.spark.sql.AnalysisException
Partition spec is invalid. The spec (c) must match the partition spec (c, d) defined in table '`default`.`t`';


<<<<<<< HEAD
-- !query 16
DESC t PARTITION (c='Us', d)
-- !query 16 schema
struct<>
-- !query 16 output
=======
-- !query 20
DESC t PARTITION (c='Us', d)
-- !query 20 schema
struct<>
-- !query 20 output
>>>>>>> master
org.apache.spark.sql.catalyst.parser.ParseException

PARTITION specification is incomplete: `d`(line 1, pos 0)

== SQL ==
DESC t PARTITION (c='Us', d)
^^^


<<<<<<< HEAD
-- !query 17
DESC temp_v
-- !query 17 schema
struct<col_name:string,data_type:string,comment:string>
-- !query 17 output
=======
-- !query 21
DESC temp_v
-- !query 21 schema
struct<col_name:string,data_type:string,comment:string>
-- !query 21 output
a                   	string              	                    
b                   	int                 	                    
c                   	string              	                    
d                   	string


-- !query 22
DESC TABLE temp_v
-- !query 22 schema
struct<col_name:string,data_type:string,comment:string>
-- !query 22 output
>>>>>>> master
a                   	string              	                    
b                   	int                 	                    
c                   	string              	                    
d                   	string


<<<<<<< HEAD
-- !query 18
DESC TABLE temp_v
-- !query 18 schema
struct<col_name:string,data_type:string,comment:string>
-- !query 18 output
=======
-- !query 23
DESC FORMATTED temp_v
-- !query 23 schema
struct<col_name:string,data_type:string,comment:string>
-- !query 23 output
>>>>>>> master
a                   	string              	                    
b                   	int                 	                    
c                   	string              	                    
d                   	string


<<<<<<< HEAD
-- !query 19
DESC FORMATTED temp_v
-- !query 19 schema
struct<col_name:string,data_type:string,comment:string>
-- !query 19 output
=======
-- !query 24
DESC EXTENDED temp_v
-- !query 24 schema
struct<col_name:string,data_type:string,comment:string>
-- !query 24 output
>>>>>>> master
a                   	string              	                    
b                   	int                 	                    
c                   	string              	                    
d                   	string


<<<<<<< HEAD
-- !query 20
DESC EXTENDED temp_v
-- !query 20 schema
struct<col_name:string,data_type:string,comment:string>
-- !query 20 output
a                   	string              	                    
b                   	int                 	                    
c                   	string              	                    
d                   	string


-- !query 21
DESC temp_Data_Source_View
-- !query 21 schema
struct<col_name:string,data_type:string,comment:string>
-- !query 21 output
=======
-- !query 25
DESC temp_Data_Source_View
-- !query 25 schema
struct<col_name:string,data_type:string,comment:string>
-- !query 25 output
>>>>>>> master
intType             	int                 	test comment test1  
stringType          	string              	                    
dateType            	date                	                    
timestampType       	timestamp           	                    
doubleType          	double              	                    
bigintType          	bigint              	                    
tinyintType         	tinyint             	                    
decimalType         	decimal(10,0)       	                    
fixedDecimalType    	decimal(5,1)        	                    
binaryType          	binary              	                    
booleanType         	boolean             	                    
smallIntType        	smallint            	                    
floatType           	float               	                    
mapType             	map<string,string>  	                    
arrayType           	array<string>       	                    
structType          	struct<f1:string,f2:int>


<<<<<<< HEAD
-- !query 22
DESC temp_v PARTITION (c='Us', d=1)
-- !query 22 schema
struct<>
-- !query 22 output
=======
-- !query 26
DESC temp_v PARTITION (c='Us', d=1)
-- !query 26 schema
struct<>
-- !query 26 output
>>>>>>> master
org.apache.spark.sql.AnalysisException
DESC PARTITION is not allowed on a temporary view: temp_v;


<<<<<<< HEAD
-- !query 23
DESC v
-- !query 23 schema
struct<col_name:string,data_type:string,comment:string>
-- !query 23 output
=======
-- !query 27
DESC v
-- !query 27 schema
struct<col_name:string,data_type:string,comment:string>
-- !query 27 output
>>>>>>> master
a                   	string              	                    
b                   	int                 	                    
c                   	string              	                    
d                   	string


<<<<<<< HEAD
-- !query 24
DESC TABLE v
-- !query 24 schema
struct<col_name:string,data_type:string,comment:string>
-- !query 24 output
=======
-- !query 28
DESC TABLE v
-- !query 28 schema
struct<col_name:string,data_type:string,comment:string>
-- !query 28 output
>>>>>>> master
a                   	string              	                    
b                   	int                 	                    
c                   	string              	                    
d                   	string


<<<<<<< HEAD
-- !query 25
DESC FORMATTED v
-- !query 25 schema
struct<col_name:string,data_type:string,comment:string>
-- !query 25 output
=======
-- !query 29
DESC FORMATTED v
-- !query 29 schema
struct<col_name:string,data_type:string,comment:string>
-- !query 29 output
>>>>>>> master
a                   	string              	                    
b                   	int                 	                    
c                   	string              	                    
d                   	string              	                    
                    	                    	                    
# Detailed Table Information	                    	                    
Database            	default             	                    
Table               	v                   	                    
Created Time [not included in comparison]
Last Access [not included in comparison]
Created By [not included in comparison]
Type                	VIEW                	                    
View Text           	SELECT * FROM t     	                    
View Default Database	default             	                    
View Query Output Columns	[a, b, c, d]        	                    
Table Properties    	[view.query.out.col.3=d, view.query.out.col.0=a, view.query.out.numCols=4, view.default.database=default, view.query.out.col.1=b, view.query.out.col.2=c]


<<<<<<< HEAD
-- !query 26
DESC EXTENDED v
-- !query 26 schema
struct<col_name:string,data_type:string,comment:string>
-- !query 26 output
=======
-- !query 30
DESC EXTENDED v
-- !query 30 schema
struct<col_name:string,data_type:string,comment:string>
-- !query 30 output
>>>>>>> master
a                   	string              	                    
b                   	int                 	                    
c                   	string              	                    
d                   	string              	                    
                    	                    	                    
# Detailed Table Information	                    	                    
Database            	default             	                    
Table               	v                   	                    
Created Time [not included in comparison]
Last Access [not included in comparison]
Created By [not included in comparison]
Type                	VIEW                	                    
View Text           	SELECT * FROM t     	                    
View Default Database	default             	                    
View Query Output Columns	[a, b, c, d]        	                    
Table Properties    	[view.query.out.col.3=d, view.query.out.col.0=a, view.query.out.numCols=4, view.default.database=default, view.query.out.col.1=b, view.query.out.col.2=c]
<<<<<<< HEAD


-- !query 27
DESC v PARTITION (c='Us', d=1)
-- !query 27 schema
struct<>
-- !query 27 output
org.apache.spark.sql.AnalysisException
DESC PARTITION is not allowed on a view: v;


-- !query 28
DROP TABLE t
-- !query 28 schema
=======


-- !query 31
DESC v PARTITION (c='Us', d=1)
-- !query 31 schema
struct<>
-- !query 31 output
org.apache.spark.sql.AnalysisException
DESC PARTITION is not allowed on a view: v;


-- !query 32
DROP TABLE t
-- !query 32 schema
struct<>
-- !query 32 output



-- !query 33
DROP VIEW temp_v
-- !query 33 schema
>>>>>>> master
struct<>
-- !query 33 output



<<<<<<< HEAD
-- !query 29
DROP VIEW temp_v
-- !query 29 schema
=======
-- !query 34
DROP VIEW temp_Data_Source_View
-- !query 34 schema
>>>>>>> master
struct<>
-- !query 34 output



<<<<<<< HEAD
-- !query 30
DROP VIEW temp_Data_Source_View
-- !query 30 schema
=======
-- !query 35
DROP VIEW v
-- !query 35 schema
>>>>>>> master
struct<>
-- !query 35 output



-- !query 31
DROP VIEW v
-- !query 31 schema
struct<>
-- !query 31 output

